{"analytics-service":null,"auth-service":null,"deploy-service":null,"gateway-service":null,"import-service":null,"level":"ERROR","notification-service":null,"payment-service":null,"project-service":null,"report-service":null,"user-service":null}
{"analytics-service":null,"auth-service":null,"deploy-service":null,"gateway-service":null,"import-service":null,"level":"INFO","notification-service":null,"payment-service":null,"project-service":null,"report-service":null,"user-service":null}
{"analytics-service":null,"auth-service":null,"deploy-service":null,"gateway-service":null,"import-service":null,"level":"WARN","notification-service":null,"payment-service":null,"project-service":null,"report-service":null,"user-service":null}
