{"INFO":null,"service":"analytics-service"}
{"INFO":null,"service":"auth-service"}
{"INFO":null,"WARN":null,"service":"deploy-service"}
{"WARN":null,"service":"gateway-service"}
{"INFO":null,"service":"import-service"}
{"INFO":null,"service":"notification-service"}
{"ERROR":null,"INFO":null,"service":"payment-service"}
{"INFO":null,"service":"project-service"}
{"INFO":null,"service":"report-service"}
{"INFO":null,"service":"user-service"}
